// Jest Snapshot v1, https://goo.gl/fbAQLP

exports[`custom anchor text 1`] = `
<div class="van-index-bar">
  <div class="van-index-bar__sidebar" style="z-index: 1;"><span data-index="A" class="van-index-bar__index">A</span><span data-index="B" class="van-index-bar__index">B</span><span data-index="C" class="van-index-bar__index">C</span><span data-index="D" class="van-index-bar__index">D</span><span data-index="E" class="van-index-bar__index">E</span><span data-index="F" class="van-index-bar__index">F</span><span data-index="G" class="van-index-bar__index">G</span><span data-index="H" class="van-index-bar__index">H</span><span data-index="I" class="van-index-bar__index">I</span><span data-index="J" class="van-index-bar__index">J</span><span data-index="K" class="van-index-bar__index">K</span><span data-index="L" class="van-index-bar__index">L</span><span data-index="M" class="van-index-bar__index">M</span><span data-index="N" class="van-index-bar__index">N</span><span data-index="O" class="van-index-bar__index">O</span><span data-index="P" class="van-index-bar__index">P</span><span data-index="Q" class="van-index-bar__index">Q</span><span data-index="R" class="van-index-bar__index">R</span><span data-index="S" class="van-index-bar__index">S</span><span data-index="T" class="van-index-bar__index">T</span><span data-index="U" class="van-index-bar__index">U</span><span data-index="V" class="van-index-bar__index">V</span><span data-index="W" class="van-index-bar__index">W</span><span data-index="X" class="van-index-bar__index">X</span><span data-index="Y" class="van-index-bar__index">Y</span><span data-index="Z" class="van-index-bar__index">Z</span></div>
  <div class="van-index-anchor">Title A</div>
  <div class="van-index-anchor">Title B</div>
</div>
`;
